// Jest Snapshot v1, https://goo.gl/fbAQLP

exports[`Tests for TodoListItem component should match snapshot correctly 1`] = `
<li
  className="list-group-item"
>
  <p
    className="false"
    onClick={[Function]}
  >
    1
    . 
    Learn testing
  </p>
  <button
    className="btn btn-danger"
    onClick={[Function]}
  >
    Delete
  </button>
</li>
`;
