// Jest Snapshot v1, https://goo.gl/fbAQLP

exports[`Tests over <LoginScreen/> component should render the component 1`] = `
<div
  className="container mt-5"
>
  <h1>
    Login Screen
  </h1>
  <hr />
  <button
    className="btn btn-outline-success"
    onClick={[Function]}
  >
    Login
  </button>
</div>
`;
