// Jest Snapshot v1, https://goo.gl/fbAQLP

exports[`Tests over <AppRouter /> component should login if not authenticated 1`] = `
<div>
  <div>
    <div
      className="container mt-5"
    >
      <h1>
        Login Screen
      </h1>
      <hr />
      <button
        className="btn btn-outline-success"
        onClick={[Function]}
      >
        Login
      </button>
    </div>
  </div>
</div>
`;
